// Jest Snapshot v1, https://goo.gl/fbAQLP

exports[`Loading Skeleton Components Snapshot Tests DashboardLoadingSkeleton matches snapshot 1`] = `
<div
  class="space-y-6 animate-pulse"
>
  <div
    class="space-y-2"
  >
    <div
      class="h-8 bg-gray-200 rounded w-48"
    />
    <div
      class="h-4 bg-gray-200 rounded w-64"
    />
  </div>
  <div
    class="grid gap-6 md:grid-cols-2 lg:grid-cols-4"
  >
    <div
      class="rounded-lg border bg-white p-6"
    >
      <div
        class="space-y-3"
      >
        <div
          class="h-4 bg-gray-200 rounded w-20"
        />
        <div
          class="h-8 bg-gray-200 rounded w-24"
        />
        <div
          class="h-3 bg-gray-200 rounded w-16"
        />
      </div>
    </div>
    <div
      class="rounded-lg border bg-white p-6"
    >
      <div
        class="space-y-3"
      >
        <div
          class="h-4 bg-gray-200 rounded w-20"
        />
        <div
          class="h-8 bg-gray-200 rounded w-24"
        />
        <div
          class="h-3 bg-gray-200 rounded w-16"
        />
      </div>
    </div>
    <div
      class="rounded-lg border bg-white p-6"
    >
      <div
        class="space-y-3"
      >
        <div
          class="h-4 bg-gray-200 rounded w-20"
        />
        <div
          class="h-8 bg-gray-200 rounded w-24"
        />
        <div
          class="h-3 bg-gray-200 rounded w-16"
        />
      </div>
    </div>
    <div
      class="rounded-lg border bg-white p-6"
    >
      <div
        class="space-y-3"
      >
        <div
          class="h-4 bg-gray-200 rounded w-20"
        />
        <div
          class="h-8 bg-gray-200 rounded w-24"
        />
        <div
          class="h-3 bg-gray-200 rounded w-16"
        />
      </div>
    </div>
  </div>
</div>
`;

exports[`Loading Skeleton Components Snapshot Tests FormLoadingSkeleton matches snapshot 1`] = `
<div
  class="min-h-screen flex items-center justify-center bg-gray-50"
>
  <div
    class="w-full max-w-md space-y-6 animate-pulse"
  >
    <div
      class="text-center space-y-2"
    >
      <div
        class="h-8 bg-gray-200 rounded w-48 mx-auto"
      />
      <div
        class="h-4 bg-gray-200 rounded w-64 mx-auto"
      />
    </div>
    <div
      class="rounded-lg border bg-white p-8 space-y-4"
    >
      <div
        class="space-y-2"
      >
        <div
          class="h-4 bg-gray-200 rounded w-20"
        />
        <div
          class="h-10 bg-gray-200 rounded"
        />
      </div>
      <div
        class="space-y-2"
      >
        <div
          class="h-4 bg-gray-200 rounded w-20"
        />
        <div
          class="h-10 bg-gray-200 rounded"
        />
      </div>
      <div
        class="h-10 bg-gray-200 rounded"
      />
    </div>
  </div>
</div>
`;

exports[`Loading Skeleton Components Snapshot Tests GalleryLoadingSkeleton matches snapshot 1`] = `
<main
  class="min-h-screen bg-gray-50"
>
  <div
    class="border-b bg-white h-16 animate-pulse"
  />
  <div
    class="container mx-auto px-4 py-8"
  >
    <div
      class="mb-6 animate-pulse"
    >
      <div
        class="h-8 bg-gray-200 rounded w-32 mb-2"
      />
      <div
        class="h-4 bg-gray-200 rounded w-48"
      />
    </div>
    <div
      class="grid gap-6 sm:grid-cols-2 lg:grid-cols-3 xl:grid-cols-4"
    >
      <div
        class="rounded-lg border bg-white overflow-hidden animate-pulse"
      >
        <div
          class="aspect-video bg-gray-200"
        />
        <div
          class="p-4 space-y-3"
        >
          <div
            class="h-4 bg-gray-200 rounded w-3/4"
          />
          <div
            class="h-3 bg-gray-200 rounded w-1/2"
          />
        </div>
      </div>
      <div
        class="rounded-lg border bg-white overflow-hidden animate-pulse"
      >
        <div
          class="aspect-video bg-gray-200"
        />
        <div
          class="p-4 space-y-3"
        >
          <div
            class="h-4 bg-gray-200 rounded w-3/4"
          />
          <div
            class="h-3 bg-gray-200 rounded w-1/2"
          />
        </div>
      </div>
      <div
        class="rounded-lg border bg-white overflow-hidden animate-pulse"
      >
        <div
          class="aspect-video bg-gray-200"
        />
        <div
          class="p-4 space-y-3"
        >
          <div
            class="h-4 bg-gray-200 rounded w-3/4"
          />
          <div
            class="h-3 bg-gray-200 rounded w-1/2"
          />
        </div>
      </div>
      <div
        class="rounded-lg border bg-white overflow-hidden animate-pulse"
      >
        <div
          class="aspect-video bg-gray-200"
        />
        <div
          class="p-4 space-y-3"
        >
          <div
            class="h-4 bg-gray-200 rounded w-3/4"
          />
          <div
            class="h-3 bg-gray-200 rounded w-1/2"
          />
        </div>
      </div>
      <div
        class="rounded-lg border bg-white overflow-hidden animate-pulse"
      >
        <div
          class="aspect-video bg-gray-200"
        />
        <div
          class="p-4 space-y-3"
        >
          <div
            class="h-4 bg-gray-200 rounded w-3/4"
          />
          <div
            class="h-3 bg-gray-200 rounded w-1/2"
          />
        </div>
      </div>
      <div
        class="rounded-lg border bg-white overflow-hidden animate-pulse"
      >
        <div
          class="aspect-video bg-gray-200"
        />
        <div
          class="p-4 space-y-3"
        >
          <div
            class="h-4 bg-gray-200 rounded w-3/4"
          />
          <div
            class="h-3 bg-gray-200 rounded w-1/2"
          />
        </div>
      </div>
      <div
        class="rounded-lg border bg-white overflow-hidden animate-pulse"
      >
        <div
          class="aspect-video bg-gray-200"
        />
        <div
          class="p-4 space-y-3"
        >
          <div
            class="h-4 bg-gray-200 rounded w-3/4"
          />
          <div
            class="h-3 bg-gray-200 rounded w-1/2"
          />
        </div>
      </div>
      <div
        class="rounded-lg border bg-white overflow-hidden animate-pulse"
      >
        <div
          class="aspect-video bg-gray-200"
        />
        <div
          class="p-4 space-y-3"
        >
          <div
            class="h-4 bg-gray-200 rounded w-3/4"
          />
          <div
            class="h-3 bg-gray-200 rounded w-1/2"
          />
        </div>
      </div>
    </div>
  </div>
</main>
`;

exports[`Loading Skeleton Components Snapshot Tests PageLoadingSkeleton matches snapshot 1`] = `
<main
  class="min-h-screen bg-gray-50 animate-pulse"
>
  <div
    class="border-b bg-white h-16"
  />
  <div
    class="container mx-auto px-4 py-12"
  >
    <div
      class="mx-auto max-w-4xl space-y-4"
    >
      <div
        class="h-10 bg-gray-200 rounded w-1/3"
      />
      <div
        class="h-6 bg-gray-200 rounded w-2/3"
      />
      <div
        class="h-64 bg-gray-200 rounded"
      />
    </div>
  </div>
</main>
`;
